[htmldemo.net/reyes/reyes/index-portfolio.html]
[backblue.gif]
[fade.gif]
[index.html]
[htmldemo.net/reyes/reyes/img/favicon.ico]
[htmldemo.net/reyes/reyes/img/icon.png]
[htmldemo.net/reyes/reyes/css/bootstrap.min.css]
[htmldemo.net/reyes/reyes/css/plugins.css]
[htmldemo.net/reyes/reyes/CSS/style.css]
[htmldemo.net/reyes/reyes/css/custom.css]
[htmldemo.net/reyes/reyes/img/logo/logo-b.png]
[htmldemo.net/reyes/reyes/index-cleaning-service.html]
[htmldemo.net/reyes/reyes/index-agency.html]
[htmldemo.net/reyes/reyes/index-education.html]
[htmldemo.net/reyes/reyes/index-construction.html]
[htmldemo.net/reyes/reyes/index-gardening.html]
[htmldemo.net/reyes/reyes/index-event.html]
[htmldemo.net/reyes/reyes/index-medical.html]
[htmldemo.net/reyes/reyes/index-corporate.html]
[htmldemo.net/reyes/reyes/index-repair.html]
[htmldemo.net/reyes/reyes/index-political.html]
[htmldemo.net/reyes/reyes/index-travel.html]
[htmldemo.net/reyes/reyes/index-carpenter.html]
[htmldemo.net/reyes/reyes/index-charity.html]
[htmldemo.net/reyes/reyes/index-software.html]
[htmldemo.net/reyes/reyes/index-resturant.html]
[htmldemo.net/reyes/reyes/index-real-estate.html]
[htmldemo.net/reyes/reyes/index-hosting.html]
[htmldemo.net/reyes/reyes/index-beauty-salon.html]
[htmldemo.net/reyes/reyes/img/portfolio/about/pt-about.jpg]
[htmldemo.net/reyes/reyes/index-body-fitness.html]
[htmldemo.net/reyes/reyes/img/portfolio/portfolio/pt-portfolio-1.jpg]
[htmldemo.net/reyes/reyes/img/portfolio/portfolio/pt-portfolio-2.jpg]
[htmldemo.net/reyes/reyes/img/portfolio/portfolio/pt-portfolio-3.jpg]
[htmldemo.net/reyes/reyes/img/portfolio/portfolio/pt-portfolio-4.jpg]
[htmldemo.net/reyes/reyes/img/portfolio/portfolio/pt-portfolio-5.jpg]
[htmldemo.net/reyes/reyes/img/portfolio/portfolio/pt-portfolio-6.jpg]
[htmldemo.net/reyes/reyes/img/testimonial/clint-20.png]
[htmldemo.net/reyes/reyes/img/testimonial/clint-21.png]
[htmldemo.net/reyes/reyes/img/testimonial/clint-25.png]
[htmldemo.net/reyes/reyes/img/portfolio/post/pt-post.jpg]
[htmldemo.net/reyes/reyes/img/portfolio/post/pt-post-2.jpg]
[htmldemo.net/reyes/reyes/img/brand/agency/brand-1.png]
[htmldemo.net/reyes/reyes/img/brand/agency/brand-2.png]
[htmldemo.net/reyes/reyes/img/brand/agency/brand-3.png]
[htmldemo.net/reyes/reyes/img/brand/agency/brand-4.png]
[htmldemo.net/reyes/reyes/img/brand/agency/brand-5.png]
[htmldemo.net/reyes/reyes/img/portfolio/logo/pt-logo.png]
[htmldemo.net/reyes/reyes/js/vendor/modernizr-3.6.0.min.js]
[htmldemo.net/reyes/reyes/js/popper.min.js]
[htmldemo.net/reyes/reyes/js/ajax-mail.js]
[htmldemo.net/reyes/reyes/js/bootstrap.min.js]
[htmldemo.net/reyes/reyes/index-portfolio.html]
[htmldemo.net/reyes/reyes/css/bootstrap.min.css]
[htmldemo.net/reyes/reyes/js/main.js]
[htmldemo.net/reyes/reyes/js/vendor/jquery-3.6.0.min.js]
[htmldemo.net/reyes/reyes/css/font-awesome.min.css]
[htmldemo.net/reyes/reyes/css/meanmenu.css]
[htmldemo.net/reyes/reyes/css/slick.min.css]
[htmldemo.net/reyes/reyes/css/ionicons.min.css]
[htmldemo.net/reyes/reyes/css/animation.css]
[htmldemo.net/reyes/reyes/css/magnify.css]
[htmldemo.net/reyes/reyes/css/swiper.css]
[htmldemo.net/reyes/reyes/css/compare-image.css]
[htmldemo.net/reyes/reyes/css/justify-gallery.css]
[htmldemo.net/reyes/reyes/css/magnifier.css]
[htmldemo.net/reyes/reyes/css/animated-text.css]
[htmldemo.net/reyes/reyes/css/weather.css]
[htmldemo.net/reyes/reyes/css/elementor-icons.min.css]
[htmldemo.net/reyes/reyes/js/plugins.js]
[htmldemo.net/reyes/reyes/css/plugins.css]
[htmldemo.net/reyes/reyes/css/slicknav.css]
[htmldemo.net/reyes/reyes/img/bg/bg-image-1.jpg]
[htmldemo.net/reyes/reyes/img/bg/bg-image-2.jpg]
[htmldemo.net/reyes/reyes/img/bg/bg-image-3.jpg]
[htmldemo.net/reyes/reyes/img/bg/bg-image-4.jpg]
[htmldemo.net/reyes/reyes/img/bg/bg-image-5.jpg]
[htmldemo.net/reyes/reyes/img/bg/bg-image-6.jpg]
[htmldemo.net/reyes/reyes/img/bg/bg-image-7.jpg]
[htmldemo.net/reyes/reyes/img/bg/bg-image-8.jpg]
[htmldemo.net/reyes/reyes/img/bg/bg-image-9.jpg]
[htmldemo.net/reyes/reyes/img/bg/bg-image-10.jpg]
[htmldemo.net/reyes/reyes/img/bg/bg-image-11.jpg]
[htmldemo.net/reyes/reyes/img/bg/bg-image-12.jpg]
[htmldemo.net/reyes/reyes/img/bg/bg-image-13.jpg]
[htmldemo.net/reyes/reyes/img/bg/bg-image-14.jpg]
[htmldemo.net/reyes/reyes/img/bg/bg-image-15.jpg]
[htmldemo.net/reyes/reyes/img/bg/bg-image-16.jpg]
[htmldemo.net/reyes/reyes/img/bg/bg-image-17.jpg]
[htmldemo.net/reyes/reyes/img/bg/bg-image-18.jpg]
[htmldemo.net/reyes/reyes/img/bg/bg-image-19.jpg]
[htmldemo.net/reyes/reyes/img/bg/bg-image-20.jpg]
[htmldemo.net/reyes/reyes/img/bg/bg-image-21.jpg]
[htmldemo.net/reyes/reyes/img/bg/bg-image-22.jpg]
[htmldemo.net/reyes/reyes/img/bg/bg-image-23.jpg]
[htmldemo.net/reyes/reyes/img/bg/bg-image-24.jpg]
[htmldemo.net/reyes/reyes/img/bg/bg-image-25.jpg]
[htmldemo.net/reyes/reyes/img/bg/bg-image-26.jpg]
[htmldemo.net/reyes/reyes/img/bg/bg-image-27.jpg]
[htmldemo.net/reyes/reyes/img/bg/bg-image-28.jpg]
[htmldemo.net/reyes/reyes/img/bg/bg-image-29.jpg]
[htmldemo.net/reyes/reyes/img/bg/bg-image-30.jpg]
[htmldemo.net/reyes/reyes/img/bg/bg-image-31.jpg]
[htmldemo.net/reyes/reyes/img/bg/bg-image-32.jpg]
[htmldemo.net/reyes/reyes/img/bg/bg-image-33.jpg]
[htmldemo.net/reyes/reyes/img/bg/bg-image-34.jpg]
[htmldemo.net/reyes/reyes/img/bg/bg-image-35.jpg]
[htmldemo.net/reyes/reyes/img/bg/bg-image-36.jpg]
[htmldemo.net/reyes/reyes/img/bg/bg-image-37.jpg]
[htmldemo.net/reyes/reyes/img/bg/bg-image-38.jpg]
[htmldemo.net/reyes/reyes/img/bg/bg-image-39.jpg]
[htmldemo.net/reyes/reyes/img/bg/bg-image-40.jpg]
[htmldemo.net/reyes/reyes/img/bg/bg-image-41.jpg]
[htmldemo.net/reyes/reyes/img/bg/bg-image-42.jpg]
[htmldemo.net/reyes/reyes/img/bg/bg-image-43.jpg]
[htmldemo.net/reyes/reyes/img/bg/bg-image-44.jpg]
[htmldemo.net/reyes/reyes/img/bg/bg-image-45.jpg]
[htmldemo.net/reyes/reyes/img/bg/bg-image-46.jpg]
[htmldemo.net/reyes/reyes/img/bg/bg-image-47.jpg]
[htmldemo.net/reyes/reyes/img/bg/bg-image-48.jpg]
[htmldemo.net/reyes/reyes/img/bg/bg-image-49.jpg]
[htmldemo.net/reyes/reyes/img/bg/bg-image-50.jpg]
[htmldemo.net/reyes/reyes/img/bg/bg-image-51.jpg]
[htmldemo.net/reyes/reyes/img/bg/bg-image-52.jpg]
[htmldemo.net/reyes/reyes/img/bg/bg-image-53.jpg]
[htmldemo.net/reyes/reyes/img/bg/bg-image-54.jpg]
[htmldemo.net/reyes/reyes/img/bg/bg-image-55.jpg]
[htmldemo.net/reyes/reyes/img/bg/bg-image-56.jpg]
[htmldemo.net/reyes/reyes/img/bg/bg-image-57.jpg]
[htmldemo.net/reyes/reyes/img/bg/bg-image-58.jpg]
[htmldemo.net/reyes/reyes/img/bg/bg-image-59.jpg]
[htmldemo.net/reyes/reyes/img/bg/bg-image-60.jpg]
[htmldemo.net/reyes/reyes/img/bg/bg-image-61.jpg]
[htmldemo.net/reyes/reyes/img/bg/bg-image-62.jpg]
[htmldemo.net/reyes/reyes/img/bg/bg-image-63.jpg]
[htmldemo.net/reyes/reyes/img/bg/bg-image-64.jpg]
[htmldemo.net/reyes/reyes/img/bg/bg-image-65.jpg]
[htmldemo.net/reyes/reyes/img/bg/bg-image-66.jpg]
[htmldemo.net/reyes/reyes/img/bg/bg-image-67.jpg]
[htmldemo.net/reyes/reyes/img/bg/bg-image-68.jpg]
[htmldemo.net/reyes/reyes/img/bg/bg-image-69.jpg]
[htmldemo.net/reyes/reyes/img/bg/bg-image-70.jpg]
[htmldemo.net/reyes/reyes/img/bg/bg-image-71.jpg]
[htmldemo.net/reyes/reyes/img/bg/bg-image-72.jpg]
[htmldemo.net/reyes/reyes/img/bg/bg-image-73.jpg]
[htmldemo.net/reyes/reyes/img/bg/bg-image-74.jpg]
[htmldemo.net/reyes/reyes/img/bg/bg-image-75.jpg]
[htmldemo.net/reyes/reyes/img/bg/bg-image-76.jpg]
[htmldemo.net/reyes/reyes/img/bg/bg-image-77.jpg]
[htmldemo.net/reyes/reyes/img/bg/bg-image-78.jpg]
[htmldemo.net/reyes/reyes/img/bg/bg-image-79.jpg]
[htmldemo.net/reyes/reyes/img/bg/bg-image-80.jpg]
[htmldemo.net/reyes/reyes/img/bg/bg-image-81.jpg]
[htmldemo.net/reyes/reyes/img/bg/bg-image-82.jpg]
[htmldemo.net/reyes/reyes/img/bg/bg-image-83.jpg]
[htmldemo.net/reyes/reyes/img/bg/bg-image-84.jpg]
[htmldemo.net/reyes/reyes/img/bg/bg-image-85.jpg]
[htmldemo.net/reyes/reyes/img/bg/bg-image-86.jpg]
[htmldemo.net/reyes/reyes/img/bg/bg-image-87.jpg]
[htmldemo.net/reyes/reyes/img/bg/bg-image-88.jpg]
[htmldemo.net/reyes/reyes/img/bg/bg-image-89.jpg]
[htmldemo.net/reyes/reyes/img/bg/bg-image-90.jpg]
[htmldemo.net/reyes/reyes/img/bg/bg-image-91.jpg]
[htmldemo.net/reyes/reyes/img/bg/bg-image-92.jpg]
[htmldemo.net/reyes/reyes/img/bg/bg-image-93.jpg]
[htmldemo.net/reyes/reyes/img/bg/bg-image-94.jpg]
[htmldemo.net/reyes/reyes/img/bg/bg-image-95.jpg]
[htmldemo.net/reyes/reyes/img/bg/bg-image-96.jpg]
[htmldemo.net/reyes/reyes/img/bg/bg-image-97.jpg]
[htmldemo.net/reyes/reyes/img/bg/bg-image-98.jpg]
[htmldemo.net/reyes/reyes/img/bg/bg-image-99.jpg]
[htmldemo.net/reyes/reyes/img/bg/bg-image-100.jpg]
[htmldemo.net/reyes/reyes/img/bg/bg-image-101.jpg]
[htmldemo.net/reyes/reyes/img/bg/bg-image-102.jpg]
[htmldemo.net/reyes/reyes/img/bg/bg-image-103.jpg]
[htmldemo.net/reyes/reyes/img/bg/bg-image-104.jpg]
[htmldemo.net/reyes/reyes/img/bg/bg-image-105.aa.delayed]
[htmldemo.net/reyes/reyes/img/bg/bg-image-106.ab.delayed]
[htmldemo.net/reyes/reyes/img/bg/bg-image-107.ac.delayed]
[htmldemo.net/reyes/reyes/img/bg/bg-image-108.ad.delayed]
[htmldemo.net/reyes/reyes/img/bg/bg-image-109.ae.delayed]
[htmldemo.net/reyes/reyes/img/bg/bg-image-110.af.delayed]
[htmldemo.net/reyes/reyes/img/bg/bg-image-111.b0.delayed]
[htmldemo.net/reyes/reyes/img/bg/bg-image-112.b1.delayed]
[htmldemo.net/reyes/reyes/img/bg/bg-image-113.b2.delayed]
[htmldemo.net/reyes/reyes/img/bg/bg-image-114.b3.delayed]
[htmldemo.net/reyes/reyes/img/bg/bg-image-115.b4.delayed]
[htmldemo.net/reyes/reyes/img/bg/bg-image-116.b5.delayed]
[htmldemo.net/reyes/reyes/img/bg/bg-image-117.b6.delayed]
[htmldemo.net/reyes/reyes/img/bg/bg-image-118.b7.delayed]
[htmldemo.net/reyes/reyes/img/bg/bg-image-119.b8.delayed]
[htmldemo.net/reyes/reyes/img/bg/bg-image-120.b9.delayed]
[htmldemo.net/reyes/reyes/img/slider/bg/bg-1.jpg]
[htmldemo.net/reyes/reyes/img/slider/bg/bg-2.jpg]
[htmldemo.net/reyes/reyes/img/slider/bg/bg-3.jpg]
[htmldemo.net/reyes/reyes/img/slider/bg/bg-4.jpg]
[htmldemo.net/reyes/reyes/img/slider/bg/bg-5.jpg]
[htmldemo.net/reyes/reyes/img/slider/bg/bg-6.bf.delayed]
[htmldemo.net/reyes/reyes/img/slider/bg/bg-7.c0.delayed]
[htmldemo.net/reyes/reyes/img/slider/bg/bg-8.c1.delayed]
[htmldemo.net/reyes/reyes/img/slider/bg/bg-9.c2.delayed]
[htmldemo.net/reyes/reyes/img/slider/bg/bg-10.c3.delayed]
[htmldemo.net/reyes/reyes/img/slider/bg/bg-11.c4.delayed]
[htmldemo.net/reyes/reyes/img/slider/bg/bg-12.c5.delayed]
[htmldemo.net/reyes/reyes/img/slider/bg/bg-13.c6.delayed]
[htmldemo.net/reyes/reyes/img/slider/bg/bg-14.c7.delayed]
[htmldemo.net/reyes/reyes/img/slider/bg/bg-15.c8.delayed]
[htmldemo.net/reyes/reyes/img/slider/bg/bg-16.c9.delayed]
[htmldemo.net/reyes/reyes/img/slider/bg/bg-17.ca.delayed]
[htmldemo.net/reyes/reyes/img/slider/bg/bg-18.cb.delayed]
[htmldemo.net/reyes/reyes/img/slider/bg/bg-19.cc.delayed]
[htmldemo.net/reyes/reyes/img/slider/bg/bg-20.cd.delayed]
[htmldemo.net/reyes/reyes/img/marker/marker-1.jpg]
[htmldemo.net/reyes/reyes/img/marker/marker-2.jpg]
[htmldemo.net/reyes/reyes/img/marker/marker-3.jpg]
[htmldemo.net/reyes/reyes/img/marker/marker-4.jpg]
[htmldemo.net/reyes/reyes/img/marker/marker-5.d2.delayed]
[htmldemo.net/reyes/reyes/img/marker/marker-6.d3.delayed]
[htmldemo.net/reyes/reyes/img/marker/marker-7.d4.delayed]
[htmldemo.net/reyes/reyes/img/marker/marker-8.d5.delayed]
[htmldemo.net/reyes/reyes/img/marker/marker-9.d6.delayed]
[htmldemo.net/reyes/reyes/img/marker/marker-10.d7.delayed]
[htmldemo.net/reyes/reyes/CSS/img/button/button-bg-1.d8.delayed]
[htmldemo.net/reyes/reyes/CSS/img/button/button-bg-2.d9.delayed]
[htmldemo.net/reyes/reyes/CSS/img/button/button-bg-3.da.delayed]
[htmldemo.net/reyes/reyes/CSS/img/button/button-bg-4.db.delayed]
[htmldemo.net/reyes/reyes/CSS/img/button/button-bg-5.dc.delayed]
[htmldemo.net/reyes/reyes/CSS/img/gallery/gallery-c1.dd.delayed]
[htmldemo.net/reyes/reyes/CSS/img/gallery/gallery-c2.de.delayed]
[htmldemo.net/reyes/reyes/CSS/img/gallery/gallery-c3.df.delayed]
[htmldemo.net/reyes/reyes/CSS/img/gallery/gallery-c4.e0.delayed]
[htmldemo.net/reyes/reyes/CSS/img/gallery/gallery-c5.e1.delayed]
[htmldemo.net/reyes/reyes/CSS/img/gallery/gallery-d1.e2.delayed]
[htmldemo.net/reyes/reyes/CSS/img/gallery/gallery-d2.e3.delayed]
[htmldemo.net/reyes/reyes/CSS/img/gallery/gallery-d3.e4.delayed]
[htmldemo.net/reyes/reyes/CSS/img/gallery/gallery-d4.e5.delayed]
[htmldemo.net/reyes/reyes/CSS/img/gallery/gallery-d5.e6.delayed]
[htmldemo.net/reyes/reyes/CSS/img/gallery/gallery-d6.e7.delayed]
[htmldemo.net/reyes/reyes/CSS/img/gallery/bgDescription.e8.delayed]
[htmldemo.net/reyes/reyes/CSS/img/gallery/gallery-e1.e9.delayed]
[htmldemo.net/reyes/reyes/CSS/img/gallery/gallery-e2.ea.delayed]
[htmldemo.net/reyes/reyes/CSS/img/gallery/gallery-e3.eb.delayed]
[htmldemo.net/reyes/reyes/CSS/img/gallery/gallery-e4.ec.delayed]
[htmldemo.net/reyes/reyes/CSS/img/gallery/gallery-e5.ed.delayed]
[htmldemo.net/reyes/reyes/CSS/img/gallery/gallery-e6.ee.delayed]
[htmldemo.net/reyes/reyes/CSS/img/icons/heading-bg.ef.delayed]
[htmldemo.net/reyes/img/pricing/header-bg1.f0.delayed]
[htmldemo.net/reyes/reyes/img/pricing/pricing-ribon.png]
[htmldemo.net/reyes/reyes/CSS/img/bg/bg-image-4.f2.delayed]
[htmldemo.net/reyes/reyes/CSS/img/icons/register-header.f3.delayed]
[htmldemo.net/reyes/reyes/img/service/md-img/servicebg.png]
[htmldemo.net/reyes/reyes/CSS/img/icons/search.f5.delayed]
[htmldemo.net/reyes/reyes/CSS/img/icons/plus.f6.delayed]
[htmldemo.net/reyes/reyes/img/process/shape.png]
[htmldemo.net/reyes/reyes/img/process/shape-2.png]
[htmldemo.net/reyes/reyes/img/flipbox/flipbox-1.jpg]
[htmldemo.net/reyes/reyes/img/traveling/flip/flip-1.png]
[htmldemo.net/reyes/reyes/img/traveling/flip/flip-2.png]
[htmldemo.net/reyes/reyes/img/traveling/flip/flip-3.png]
[htmldemo.net/reyes/reyes/img/traveling/flip/flip-4.png]
[htmldemo.net/img/flipbox/team-1.fe.delayed]
[htmldemo.net/img/flipbox/team-2.ff.delayed]
[htmldemo.net/img/flipbox/team-3.100.delayed]
[htmldemo.net/reyes/reyes/CSS/img/icons/line.101.delayed]
[htmldemo.net/reyes/reyes/CSS/img/bg/bg-image-12.102.delayed]
[htmldemo.net/reyes/reyes/CSS/img/others/business-shape.103.delayed]
[htmldemo.net/reyes/reyes/CSS/img/others/business-shape-line.104.delayed]
[htmldemo.net/reyes/reyes/CSS/img/bg/bg-image-40.105.delayed]
[htmldemo.net/reyes/reyes/CSS/img/others/business-shape-line-2.106.delayed]
[htmldemo.net/reyes/reyes/CSS/img/others/business-shape-line-3.107.delayed]
[htmldemo.net/reyes/reyes/CSS/style.css]
[htmldemo.net/reyes/reyes/css/custom.css]
[htmldemo.net/reyes/reyes/img/logo/logo-w.png]
[htmldemo.net/reyes/reyes/img/service/cleaning/service-1.jpg]
[htmldemo.net/reyes/reyes/img/service/cleaning/service-2.jpg]
[htmldemo.net/reyes/reyes/img/service/cleaning/service-3.jpg]
[htmldemo.net/reyes/reyes/img/pricing/pricebg2.png]
[htmldemo.net/reyes/reyes/img/pricing/pricebg1.png]
[htmldemo.net/reyes/reyes/img/post/cleaning-post/post-image-1.jpg]
[htmldemo.net/reyes/reyes/img/post/cleaning-post/post-image-2.jpg]
[htmldemo.net/reyes/reyes/img/post/cleaning-post/post-image-3.jpg]
[htmldemo.net/reyes/reyes/index-cleaning-service.html]
[htmldemo.net/reyes/reyes/img/others/agency.png]
[htmldemo.net/reyes/reyes/img/service/agency/service-1.jpg]
[htmldemo.net/reyes/reyes/img/service/agency/service-2.jpg]
[htmldemo.net/reyes/reyes/img/service/agency/service-3.jpg]
[htmldemo.net/reyes/reyes/img/team/team-12.jpg]
[htmldemo.net/reyes/reyes/img/team/team-13.jpg]
[htmldemo.net/reyes/reyes/img/team/team-14.jpg]
[htmldemo.net/reyes/reyes/img/team/team-15.jpg]
[htmldemo.net/reyes/reyes/img/image-grid/grid-layout-2/img-grid-1.jpg]
[htmldemo.net/reyes/reyes/img/image-grid/grid-layout-2/img-grid-2.jpg]
[htmldemo.net/reyes/reyes/img/image-grid/grid-layout-2/img-grid-3.jpg]
[htmldemo.net/reyes/reyes/img/image-grid/grid-layout-2/img-grid-4.jpg]
[htmldemo.net/reyes/reyes/img/image-grid/grid-layout-2/img-grid-5.jpg]
[htmldemo.net/reyes/reyes/img/image-grid/grid-layout-2/img-grid-6.jpg]
[htmldemo.net/reyes/reyes/img/image-grid/grid-layout-2/img-grid-7.jpg]
[htmldemo.net/reyes/reyes/img/image-grid/grid-layout-2/img-grid-8.jpg]
[htmldemo.net/reyes/reyes/img/image-grid/grid-layout-2/img-grid-9.jpg]
[htmldemo.net/reyes/reyes/img/image-grid/grid-layout-2/img-grid-10.jpg]
[htmldemo.net/reyes/reyes/img/testimonial/clint-9.png]
[htmldemo.net/reyes/reyes/img/testimonial/clint-10.png]
[htmldemo.net/reyes/reyes/img/testimonial/clint-11.png]
[htmldemo.net/reyes/reyes/img/testimonial/clint-12.png]
[htmldemo.net/reyes/reyes/img/gallery/sm-gallery/gallery-1.jpg]
[htmldemo.net/reyes/reyes/img/gallery/sm-gallery/gallery-2.jpg]
[htmldemo.net/reyes/reyes/img/gallery/sm-gallery/gallery-5.jpg]
[htmldemo.net/reyes/reyes/img/gallery/sm-gallery/gallery-3.jpg]
[htmldemo.net/reyes/reyes/img/gallery/sm-gallery/gallery-4.jpg]
[htmldemo.net/reyes/reyes/index-agency.html]
[htmldemo.net/reyes/reyes/img/service/education/course-1.jpg]
[htmldemo.net/reyes/reyes/img/service/education/course-2.jpg]
[htmldemo.net/reyes/reyes/img/service/education/course-3.jpg]
[htmldemo.net/reyes/reyes/img/event/education/event-1.jpg]
[htmldemo.net/reyes/reyes/img/post/education/blog-1.jpg]
[htmldemo.net/reyes/reyes/img/post/education/blog-2.jpg]
[htmldemo.net/reyes/reyes/img/post/education/blog-3.jpg]
[htmldemo.net/reyes/reyes/index-education.html]
[htmldemo.net/reyes/reyes/img/image-grid/construction/gallery-1.jpg]
[htmldemo.net/reyes/reyes/img/image-grid/construction/gallery-2.jpg]
[htmldemo.net/reyes/reyes/img/image-grid/construction/gallery-3.jpg]
[htmldemo.net/reyes/reyes/img/image-grid/construction/gallery-4.jpg]
[htmldemo.net/reyes/reyes/img/image-grid/construction/gallery-5.jpg]
[htmldemo.net/reyes/reyes/img/image-grid/construction/gallery-6.jpg]
[htmldemo.net/reyes/reyes/img/team/team-23.jpg]
[htmldemo.net/reyes/reyes/img/team/team-24.jpg]
[htmldemo.net/reyes/reyes/img/team/team-25.jpg]
[htmldemo.net/reyes/reyes/img/team/team-26.jpg]
[htmldemo.net/reyes/reyes/img/counterup/icons/shape-20.png]
[htmldemo.net/reyes/reyes/img/counterup/icons/shape-21.png]
[htmldemo.net/reyes/reyes/img/counterup/icons/shape-22.png]
[htmldemo.net/reyes/reyes/img/counterup/icons/shape-23.png]
[htmldemo.net/reyes/reyes/img/post/construction/blog-image-1.jpg]
[htmldemo.net/reyes/reyes/img/post/construction/blog-image-2.jpg]
[htmldemo.net/reyes/reyes/img/post/construction/blog-image-3.jpg]
[htmldemo.net/reyes/reyes/img/icons/quote4.png]
[htmldemo.net/reyes/reyes/index-construction.html]
[htmldemo.net/reyes/reyes/img/gardening/welcome/gr-welcome.jpg]
[htmldemo.net/reyes/reyes/img/gardening/shape/gr-shape-1.png]
[htmldemo.net/reyes/reyes/img/gardening/shape/gr-shape-2.png]
[htmldemo.net/reyes/reyes/img/gardening/shape/gr-shape-3.png]
[htmldemo.net/reyes/reyes/img/gardening/shape/gr-shape-4.png]
[htmldemo.net/reyes/reyes/img/gardening/shape/gr-shape-5.png]
[htmldemo.net/reyes/reyes/img/gardening/welcome/gr-service.png]
[htmldemo.net/reyes/reyes/img/gardening/shape/gr-shape-6.png]
[htmldemo.net/reyes/reyes/img/gardening/shape/gr-shape-7.png]
[htmldemo.net/reyes/reyes/img/gardening/gallery/gr-gallery.jpg]
[htmldemo.net/reyes/reyes/img/gardening/gallery/gr-gallery-2.jpg]
[htmldemo.net/reyes/reyes/img/gardening/gallery/gr-gallery-3.jpg]
[htmldemo.net/reyes/reyes/img/gardening/gallery/gr-gallery-4.jpg]
[htmldemo.net/reyes/reyes/img/gardening/gallery/gr-gallery-5.jpg]
[htmldemo.net/reyes/reyes/img/gardening/gallery/gr-gallery-6.jpg]
[htmldemo.net/reyes/reyes/img/gardening/gallery/gr-gallery-7.jpg]
[htmldemo.net/reyes/reyes/img/gardening/gallery/gr-gallery-8.jpg]
[htmldemo.net/reyes/reyes/img/gardening/gallery/gr-gallery-9.jpg]
[htmldemo.net/reyes/reyes/img/gardening/gallery/gr-gallery-10.jpg]
[htmldemo.net/reyes/reyes/img/gardening/post/gr-post-1.jpg]
[htmldemo.net/reyes/reyes/img/gardening/post/gr-post-2.jpg]
[htmldemo.net/reyes/reyes/index-gardening.html]
[htmldemo.net/reyes/reyes/img/event-management/welcome/welcome-image.jpg]
[htmldemo.net/reyes/reyes/img/team/team-radious-1.png]
[htmldemo.net/reyes/reyes/img/team/team-radious-2.png]
[htmldemo.net/reyes/reyes/img/team/team-radious-3.png]
[htmldemo.net/reyes/reyes/img/team/team-radious-4.png]
[htmldemo.net/reyes/reyes/img/event-management/brand/brand-1.png]
[htmldemo.net/reyes/reyes/img/event-management/brand/brand-2.png]
[htmldemo.net/reyes/reyes/img/event-management/brand/brand-3.png]
[htmldemo.net/reyes/reyes/img/event-management/brand/brand-4.png]
[htmldemo.net/reyes/reyes/img/post/carousel-2/post-image-1.jpg]
[htmldemo.net/reyes/reyes/img/post/carousel-2/post-image-2.jpg]
[htmldemo.net/reyes/reyes/img/post/carousel-2/post-image-3.jpg]
[htmldemo.net/reyes/reyes/img/event-management/logo/event-logo.png]
[htmldemo.net/reyes/reyes/index-event.html]
[htmldemo.net/reyes/reyes/img/medical/icon/mc-shape-1.png]
[htmldemo.net/reyes/reyes/img/medical/icon/mc-shape-2.png]
[htmldemo.net/reyes/reyes/img/medical/icon/mc-shape-3.png]
[htmldemo.net/reyes/reyes/img/medical/icon/mc-shape-4.png]
[htmldemo.net/reyes/reyes/img/medical/service/mc-service-1.jpg]
[htmldemo.net/reyes/reyes/img/icons/title-shape.png]
[htmldemo.net/reyes/reyes/img/medical/service/me-service-icon-1.png]
[htmldemo.net/reyes/reyes/img/medical/service/me-service-icon-2.png]
[htmldemo.net/reyes/reyes/img/medical/service/me-service-icon-3.png]
[htmldemo.net/reyes/reyes/img/medical/service/me-service-icon-4.png]
[htmldemo.net/reyes/reyes/img/team/team-8.jpg]
[htmldemo.net/reyes/reyes/img/team/team-9.jpg]
[htmldemo.net/reyes/reyes/img/team/team-10.jpg]
[htmldemo.net/reyes/reyes/img/team/team-11.jpg]
[htmldemo.net/reyes/reyes/img/medical/icon/mc-counter-1.png]
[htmldemo.net/reyes/reyes/img/medical/icon/mc-counter-4.png]
[htmldemo.net/reyes/reyes/img/medical/icon/mc-counter-2.png]
[htmldemo.net/reyes/reyes/img/medical/icon/mc-counter-3.png]
[htmldemo.net/reyes/reyes/img/medical/post/mc-post-1.jpg]
[htmldemo.net/reyes/reyes/img/medical/post/mc-post-2.jpg]
[htmldemo.net/reyes/reyes/img/medical/post/mc-post-3.jpg]
[htmldemo.net/reyes/reyes/index-medical.html]
[htmldemo.net/reyes/reyes/img/corporate/shape/cr-title-shape.png]
[htmldemo.net/reyes/reyes/img/corporate/shape/cr-shape-1.png]
[htmldemo.net/reyes/reyes/img/corporate/shape/cr-shape-2.png]
[htmldemo.net/reyes/reyes/img/corporate/shape/cr-shape-3.png]
[htmldemo.net/reyes/reyes/img/corporate/about/mokup.png]
[htmldemo.net/reyes/reyes/img/corporate/about/cr-skill.jpg]
[htmldemo.net/reyes/reyes/img/corporate/portfolio/cr-port-1.jpg]
[htmldemo.net/reyes/reyes/img/corporate/portfolio/cr-port-2.jpg]
[htmldemo.net/reyes/reyes/img/corporate/portfolio/cr-port-3.jpg]
[htmldemo.net/reyes/reyes/img/corporate/portfolio/cr-port-4.jpg]
[htmldemo.net/reyes/reyes/img/corporate/portfolio/cr-port-5.jpg]
[htmldemo.net/reyes/reyes/img/corporate/portfolio/cr-port-6.jpg]
[htmldemo.net/reyes/reyes/img/counterup/icons/shape-1.png]
[htmldemo.net/reyes/reyes/img/counterup/icons/shape-2.png]
[htmldemo.net/reyes/reyes/img/counterup/icons/shape-3.png]
[htmldemo.net/reyes/reyes/img/counterup/icons/shape-4.png]
[htmldemo.net/reyes/reyes/img/team/team-20.jpg]
[htmldemo.net/reyes/reyes/img/team/team-21.jpg]
[htmldemo.net/reyes/reyes/img/team/team-22.jpg]
[htmldemo.net/reyes/reyes/img/testimonial/clint-5.png]
[htmldemo.net/reyes/reyes/img/testimonial/clint-6.png]
[htmldemo.net/reyes/reyes/index-corporate.html]
[htmldemo.net/reyes/reyes/img/repair/about/about.jpg]
[htmldemo.net/reyes/reyes/img/repair/logo/title.png]
[htmldemo.net/reyes/reyes/img/repair/about/shape.png]
[htmldemo.net/reyes/reyes/img/repair/service/service-1.jpg]
[htmldemo.net/reyes/reyes/img/repair/service/service-2.jpg]
[htmldemo.net/reyes/reyes/img/repair/service/service-3.jpg]
[htmldemo.net/reyes/reyes/img/repair/service/icon-1.png]
[htmldemo.net/reyes/reyes/img/repair/service/icon-2.png]
[htmldemo.net/reyes/reyes/img/repair/service/icon-3.png]
[htmldemo.net/reyes/reyes/img/repair/team/team-1.jpg]
[htmldemo.net/reyes/reyes/img/repair/team/team-2.jpg]
[htmldemo.net/reyes/reyes/img/repair/team/team-3.jpg]
[htmldemo.net/reyes/reyes/img/repair/team/team-4.jpg]
[htmldemo.net/reyes/reyes/img/testimonial/clint-2.png]
[htmldemo.net/reyes/reyes/img/testimonial/clint-3.png]
[htmldemo.net/reyes/reyes/img/testimonial/clint-4.png]
[htmldemo.net/reyes/reyes/img/repair/blog/blog-1.jpg]
[htmldemo.net/reyes/reyes/img/repair/blog/blog-2.jpg]
[htmldemo.net/reyes/reyes/img/repair/blog/blog-3.jpg]
[htmldemo.net/reyes/reyes/index-repair.html]
[htmldemo.net/reyes/reyes/img/political/shape/title.png]
[htmldemo.net/reyes/reyes/img/political/campain/campain-big-1.jpg]
[htmldemo.net/reyes/reyes/img/political/campain/campain-sm-1.jpg]
[htmldemo.net/reyes/reyes/img/political/campain/campain-sm-2.jpg]
[htmldemo.net/reyes/reyes/img/political/campain/campain-sm-3.jpg]
[htmldemo.net/reyes/reyes/img/political/campain/campain-sm-4.jpg]
[htmldemo.net/reyes/reyes/img/political/blog/blog-1.jpg]
[htmldemo.net/reyes/reyes/img/political/blog/blog-2.jpg]
[htmldemo.net/reyes/reyes/img/political/blog/blog-3.jpg]
[htmldemo.net/reyes/reyes/index-political.html]
[htmldemo.net/reyes/reyes/img/traveling/logo/title.png]
[htmldemo.net/reyes/reyes/img/traveling/logo/shape-1.png]
[htmldemo.net/reyes/reyes/img/traveling/logo/shape-2.png]
[htmldemo.net/reyes/reyes/img/traveling/logo/shape-3.png]
[htmldemo.net/reyes/reyes/img/traveling/logo/shape-4.png]
[htmldemo.net/reyes/reyes/img/traveling/pl-tour/tour-1.jpg]
[htmldemo.net/reyes/reyes/img/traveling/pl-tour/tour-2.jpg]
[htmldemo.net/reyes/reyes/img/traveling/pl-tour/tour-3.jpg]
[htmldemo.net/reyes/reyes/img/icons/newsletter-1.png]
[htmldemo.net/reyes/reyes/img/traveling/post/post-1.jpg]
[htmldemo.net/reyes/reyes/img/traveling/post/post-2.jpg]
[htmldemo.net/reyes/reyes/img/traveling/post/post-3.jpg]
[htmldemo.net/reyes/reyes/index-travel.html]
[htmldemo.net/reyes/reyes/img/carpenter/others/welcome.jpg]
[htmldemo.net/reyes/reyes/img/carpenter/service/service-1.jpg]
[htmldemo.net/reyes/reyes/img/carpenter/service/service-2.jpg]
[htmldemo.net/reyes/reyes/img/carpenter/service/service-3.jpg]
[htmldemo.net/reyes/reyes/img/carpenter/others/choose.png]
[htmldemo.net/reyes/reyes/img/carpenter/project/project-1.jpg]
[htmldemo.net/reyes/reyes/img/carpenter/project/project-2.jpg]
[htmldemo.net/reyes/reyes/img/carpenter/project/project-3.jpg]
[htmldemo.net/reyes/reyes/img/carpenter/project/project-4.jpg]
[htmldemo.net/reyes/reyes/img/carpenter/project/project-5.jpg]
[htmldemo.net/reyes/reyes/img/carpenter/project/project-6.jpg]
[htmldemo.net/reyes/reyes/img/carpenter/post/post-1.jpg]
[htmldemo.net/reyes/reyes/img/carpenter/post/post-2.jpg]
[htmldemo.net/reyes/reyes/img/carpenter/post/post-3.jpg]
[htmldemo.net/reyes/reyes/index-carpenter.html]
[htmldemo.net/reyes/reyes/img/charity/causes/causes-1.jpg]
[htmldemo.net/reyes/reyes/img/charity/causes/causes-2.jpg]
[htmldemo.net/reyes/reyes/img/charity/causes/causes-3.jpg]
[htmldemo.net/reyes/reyes/img/charity/shape/shape-1.png]
[htmldemo.net/reyes/reyes/img/charity/shape/shape-2.png]
[htmldemo.net/reyes/reyes/img/charity/shape/shape-3.png]
[htmldemo.net/reyes/reyes/img/charity/shape/shape-4.png]
[htmldemo.net/reyes/reyes/img/charity/event/event-1.jpg]
[htmldemo.net/reyes/reyes/img/charity/event/event-2.jpg]
[htmldemo.net/reyes/reyes/img/charity/event/event-3.jpg]
[htmldemo.net/reyes/reyes/img/charity/event/event-4.jpg]
[htmldemo.net/reyes/reyes/img/charity/shape/title.png]
[htmldemo.net/reyes/reyes/img/charity/post/post-1.jpg]
[htmldemo.net/reyes/reyes/img/charity/post/post-2.jpg]
[htmldemo.net/reyes/reyes/img/charity/post/post-3.jpg]
[htmldemo.net/reyes/reyes/index-charity.html]
[htmldemo.net/reyes/reyes/img/software/logo/slider.png]
[htmldemo.net/reyes/reyes/img/software/logo/title.png]
[htmldemo.net/reyes/reyes/img/service/icon/icon10.png]
[htmldemo.net/reyes/reyes/img/service/icon/icon11.png]
[htmldemo.net/reyes/reyes/img/service/icon/icon12.png]
[htmldemo.net/reyes/reyes/img/software/others/software-1.png]
[htmldemo.net/reyes/reyes/img/software/screenshot/screen-1.png]
[htmldemo.net/reyes/reyes/img/software/logo/logo.png]
[htmldemo.net/reyes/reyes/index-software.html]
[htmldemo.net/reyes/reyes/img/resturant/others/welcome.png]
[htmldemo.net/reyes/reyes/img/resturant/popular/popular-1.jpg]
[htmldemo.net/reyes/reyes/img/resturant/popular/popular-2.jpg]
[htmldemo.net/reyes/reyes/img/resturant/popular/popular-3.jpg]
[htmldemo.net/reyes/reyes/img/resturant/gallery/gallery-1.jpg]
[htmldemo.net/reyes/reyes/img/resturant/gallery/gallery-2.jpg]
[htmldemo.net/reyes/reyes/img/resturant/gallery/gallery-3.jpg]
[htmldemo.net/reyes/reyes/img/resturant/gallery/gallery-4.jpg]
[htmldemo.net/reyes/reyes/img/resturant/gallery/gallery-5.jpg]
[htmldemo.net/reyes/reyes/img/resturant/gallery/gallery-6.jpg]
[htmldemo.net/reyes/reyes/img/resturant/logo/quote.png]
[htmldemo.net/reyes/reyes/img/resturant/post/post-1.jpg]
[htmldemo.net/reyes/reyes/img/resturant/post/post-2.jpg]
[htmldemo.net/reyes/reyes/img/resturant/post/post-3.jpg]
[htmldemo.net/reyes/reyes/img/brand/brand-22.png]
[htmldemo.net/reyes/reyes/img/brand/brand-23.png]
[htmldemo.net/reyes/reyes/img/brand/brand-24.png]
[htmldemo.net/reyes/reyes/img/brand/brand-25.png]
[htmldemo.net/reyes/reyes/img/brand/brand-26.png]
[htmldemo.net/reyes/reyes/img/brand/brand-27.png]
[htmldemo.net/reyes/reyes/img/brand/brand-28.png]
[htmldemo.net/reyes/reyes/img/brand/brand-29.png]
[htmldemo.net/reyes/reyes/img/brand/brand-30.png]
[htmldemo.net/reyes/reyes/index-resturant.html]
[htmldemo.net/reyes/reyes/img/real-estate/project/project-1.jpg]
[htmldemo.net/reyes/reyes/img/real-estate/project/project-2.jpg]
[htmldemo.net/reyes/reyes/img/real-estate/project/project-3.jpg]
[htmldemo.net/reyes/reyes/img/real-estate/logo/shape-1.png]
[htmldemo.net/reyes/reyes/img/real-estate/logo/shape-2.png]
[htmldemo.net/reyes/reyes/img/real-estate/logo/shape-3.png]
[htmldemo.net/reyes/reyes/img/real-estate/logo/shape-4.png]
[htmldemo.net/reyes/reyes/img/real-estate/post/post-1.jpg]
[htmldemo.net/reyes/reyes/img/real-estate/post/post-2.jpg]
[htmldemo.net/reyes/reyes/img/real-estate/post/post-3.jpg]
[htmldemo.net/reyes/reyes/index-real-estate.html]
[htmldemo.net/reyes/reyes/img/hosting/logo/slider.png]
[htmldemo.net/reyes/reyes/img/hosting/shape/shape-1.png]
[htmldemo.net/reyes/reyes/img/hosting/shape/shape-2.png]
[htmldemo.net/reyes/reyes/img/hosting/shape/shape-3.png]
[htmldemo.net/reyes/reyes/index-hosting.html]
[htmldemo.net/reyes/reyes/img/beauty/others/welcome.png]
[htmldemo.net/reyes/reyes/img/beauty/service/service-1.jpg]
[htmldemo.net/reyes/reyes/img/beauty/service/service-2.jpg]
[htmldemo.net/reyes/reyes/img/beauty/service/service-3.jpg]
[htmldemo.net/reyes/reyes/img/beauty/others/shape-1.png]
[htmldemo.net/reyes/reyes/img/beauty/others/shape-2.png]
[htmldemo.net/reyes/reyes/img/beauty/others/shape-3.png]
[htmldemo.net/reyes/reyes/img/beauty/others/best.png]
[htmldemo.net/reyes/reyes/img/beauty/others/shape-4.png]
[htmldemo.net/reyes/reyes/img/beauty/others/shape-5.png]
[htmldemo.net/reyes/reyes/img/beauty/others/shape-6.png]
[htmldemo.net/reyes/reyes/img/beauty/team/team-1.jpg]
[htmldemo.net/reyes/reyes/img/beauty/team/team-2.jpg]
[htmldemo.net/reyes/reyes/img/beauty/team/team-3.jpg]
[htmldemo.net/reyes/reyes/img/beauty/others/pricing.png]
[htmldemo.net/reyes/reyes/img/beauty/post/post-1.jpg]
[htmldemo.net/reyes/reyes/img/beauty/post/post-2.jpg]
[htmldemo.net/reyes/reyes/img/beauty/post/post-3.jpg]
[htmldemo.net/reyes/reyes/index-beauty-salon.html]
[htmldemo.net/reyes/reyes/img/body-fitness/others/welcome.png]
[htmldemo.net/reyes/reyes/img/body-fitness/others/service.png]
[htmldemo.net/reyes/reyes/img/body-fitness/team/team-1.jpg]
[htmldemo.net/reyes/reyes/img/body-fitness/team/team-2.jpg]
[htmldemo.net/reyes/reyes/img/body-fitness/team/team-3.jpg]
[htmldemo.net/reyes/reyes/img/body-fitness/team/team-4.jpg]
[htmldemo.net/reyes/reyes/img/body-fitness/post/post-1.jpg]
[htmldemo.net/reyes/reyes/img/body-fitness/post/post-2.jpg]
[htmldemo.net/reyes/reyes/img/body-fitness/post/post-3.jpg]
[htmldemo.net/reyes/reyes/index-body-fitness.html]
[htmldemo.net/reyes/reyes/fonts/fontawesome-webfont3e6e.woff2]
[htmldemo.net/reyes/reyes/fonts/fontawesome-webfont3e6e.eot]
[htmldemo.net/reyes/reyes/fonts/fontawesome-webfont3e6e.woff]
[htmldemo.net/reyes/reyes/fonts/fontawesome-webfont3e6e.ttf]
[htmldemo.net/reyes/reyes/fonts/fontawesome-webfontd41d.eot]
[htmldemo.net/reyes/reyes/fonts/fontawesome-webfont3e6e.svg]
[htmldemo.net/reyes/reyes/css/font-awesome.min.css]
[htmldemo.net/reyes/reyes/css/meanmenu.css]
[htmldemo.net/reyes/reyes/img/ajax-loader.gif]
[htmldemo.net/reyes/reyes/fonts/slick.eot]
[htmldemo.net/reyes/reyes/fonts/slickd41d.eot]
[htmldemo.net/reyes/reyes/fonts/slick.woff]
[htmldemo.net/reyes/reyes/fonts/slick.ttf]
[htmldemo.net/reyes/reyes/css/slick.min.css]
[htmldemo.net/reyes/reyes/fonts/slick.svg]
[htmldemo.net/reyes/reyes/css/animation.css]
[htmldemo.net/reyes/reyes/fonts/ionicons28b5.ttf]
[htmldemo.net/reyes/reyes/fonts/ionicons28b5.woff]
[htmldemo.net/reyes/reyes/fonts/ionicons28b5.eot]
[htmldemo.net/reyes/reyes/fonts/ionicons28b5.svg]
[htmldemo.net/reyes/reyes/css/ionicons.min.css]
[htmldemo.net/reyes/reyes/css/magnify.css]
[htmldemo.net/reyes/reyes/css/swiper.css]
[htmldemo.net/reyes/reyes/css/compare-image.css]
[htmldemo.net/reyes/reyes/css/img/icons/loading2.22e.delayed]
[htmldemo.net/reyes/reyes/img/icons/controls.png]
[htmldemo.net/reyes/reyes/css/justify-gallery.css]
[htmldemo.net/reyes/reyes/css/magnifier.css]
[htmldemo.net/reyes/reyes/css/animated-text.css]
[htmldemo.net/reyes/reyes/fonts/weathericons-regular-webfont.eot]
[htmldemo.net/reyes/reyes/fonts/weathericons-regular-webfont.ttf]
[htmldemo.net/reyes/reyes/css/weather.css]
[htmldemo.net/reyes/reyes/fonts/weathericons-regular-webfont.svg]
[htmldemo.net/reyes/reyes/fonts/eicons4950.woff2]
[htmldemo.net/reyes/reyes/fonts/eicons4950.woff]
[htmldemo.net/reyes/reyes/fonts/eicons4950.ttf]
[htmldemo.net/reyes/reyes/fonts/eicons4950.svg]
[htmldemo.net/reyes/reyes/css/elementor-icons.min.css]
[htmldemo.net/reyes/reyes/css/slicknav.css]
[htmldemo.net/reyes/reyes/img/bg/bg-image-105.html]
[htmldemo.net/reyes/reyes/img/bg/bg-image-106.html]
[htmldemo.net/reyes/reyes/img/bg/bg-image-107.html]
[htmldemo.net/reyes/reyes/img/bg/bg-image-108.html]
[htmldemo.net/reyes/reyes/img/bg/bg-image-109.html]
[htmldemo.net/reyes/reyes/img/bg/bg-image-110.html]
[htmldemo.net/reyes/reyes/img/bg/bg-image-111.html]
[htmldemo.net/reyes/reyes/img/bg/bg-image-112.html]
[htmldemo.net/reyes/reyes/img/bg/bg-image-113.html]
[htmldemo.net/reyes/reyes/img/bg/bg-image-114.html]
[htmldemo.net/reyes/reyes/img/bg/bg-image-115.html]
[htmldemo.net/reyes/reyes/img/bg/bg-image-116.html]
[htmldemo.net/reyes/reyes/img/bg/bg-image-117.html]
[htmldemo.net/reyes/reyes/img/bg/bg-image-118.html]
[htmldemo.net/reyes/reyes/img/bg/bg-image-119.html]
[htmldemo.net/reyes/reyes/img/bg/bg-image-120.html]
[htmldemo.net/reyes/reyes/img/slider/bg/bg-6.html]
[htmldemo.net/reyes/reyes/img/slider/bg/bg-7.html]
[htmldemo.net/reyes/reyes/img/slider/bg/bg-8.html]
[htmldemo.net/reyes/reyes/img/slider/bg/bg-9.html]
[htmldemo.net/reyes/reyes/img/slider/bg/bg-10.html]
[htmldemo.net/reyes/reyes/img/slider/bg/bg-11.html]
[htmldemo.net/reyes/reyes/img/slider/bg/bg-12.html]
[htmldemo.net/reyes/reyes/img/slider/bg/bg-13.html]
[htmldemo.net/reyes/reyes/img/slider/bg/bg-14.html]
[htmldemo.net/reyes/reyes/img/slider/bg/bg-15.html]
[htmldemo.net/reyes/reyes/img/slider/bg/bg-16.html]
[htmldemo.net/reyes/reyes/img/slider/bg/bg-17.html]
[htmldemo.net/reyes/reyes/img/slider/bg/bg-18.html]
[htmldemo.net/reyes/reyes/img/slider/bg/bg-19.html]
[htmldemo.net/reyes/reyes/img/slider/bg/bg-20.html]
[htmldemo.net/reyes/reyes/img/marker/marker-5.html]
[htmldemo.net/reyes/reyes/img/marker/marker-6.html]
[htmldemo.net/reyes/reyes/img/marker/marker-7.html]
[htmldemo.net/reyes/reyes/img/marker/marker-8.html]
[htmldemo.net/reyes/reyes/img/marker/marker-9.html]
[htmldemo.net/reyes/reyes/img/marker/marker-10.html]
[htmldemo.net/reyes/reyes/CSS/img/button/button-bg-1.html]
[htmldemo.net/reyes/reyes/CSS/img/button/button-bg-2.html]
[htmldemo.net/reyes/reyes/CSS/img/button/button-bg-3.html]
[htmldemo.net/reyes/reyes/CSS/img/button/button-bg-4.html]
[htmldemo.net/reyes/reyes/CSS/img/button/button-bg-5.html]
[htmldemo.net/reyes/reyes/CSS/img/gallery/gallery-c1.html]
[htmldemo.net/reyes/reyes/CSS/img/gallery/gallery-c2.html]
[htmldemo.net/reyes/reyes/CSS/img/gallery/gallery-c3.html]
[htmldemo.net/reyes/reyes/CSS/img/gallery/gallery-c4.html]
[htmldemo.net/reyes/reyes/CSS/img/gallery/gallery-c5.html]
[htmldemo.net/reyes/reyes/CSS/img/gallery/gallery-d1.html]
[htmldemo.net/reyes/reyes/CSS/img/gallery/gallery-d2.html]
[htmldemo.net/reyes/reyes/CSS/img/gallery/gallery-d3.html]
[htmldemo.net/reyes/reyes/CSS/img/gallery/gallery-d4.html]
[htmldemo.net/reyes/reyes/CSS/img/gallery/gallery-d5.html]
[htmldemo.net/reyes/reyes/CSS/img/gallery/gallery-d6.html]
[htmldemo.net/reyes/reyes/CSS/img/gallery/bgDescription.html]
[htmldemo.net/reyes/reyes/CSS/img/gallery/gallery-e1.html]
[htmldemo.net/reyes/reyes/CSS/img/gallery/gallery-e2.html]
[htmldemo.net/reyes/reyes/CSS/img/gallery/gallery-e3.html]
[htmldemo.net/reyes/reyes/CSS/img/gallery/gallery-e4.html]
[htmldemo.net/reyes/reyes/CSS/img/gallery/gallery-e5.html]
[htmldemo.net/reyes/reyes/CSS/img/gallery/gallery-e6.html]
[htmldemo.net/reyes/reyes/CSS/img/icons/heading-bg.html]
[htmldemo.net/reyes/img/pricing/header-bg1.html]
[htmldemo.net/reyes/reyes/CSS/img/bg/bg-image-4.html]
[htmldemo.net/reyes/reyes/CSS/img/icons/register-header.html]
[htmldemo.net/reyes/reyes/CSS/img/icons/search.html]
[htmldemo.net/reyes/reyes/CSS/img/icons/plus.html]
[htmldemo.net/img/flipbox/team-1.html]
[htmldemo.net/img/flipbox/team-2.html]
[htmldemo.net/img/flipbox/team-3.html]
[htmldemo.net/reyes/reyes/CSS/img/icons/line.html]
[htmldemo.net/reyes/reyes/CSS/img/bg/bg-image-12.html]
[htmldemo.net/reyes/reyes/CSS/img/others/business-shape.html]
[htmldemo.net/reyes/reyes/CSS/img/others/business-shape-line.html]
[htmldemo.net/reyes/reyes/CSS/img/bg/bg-image-40.html]
[htmldemo.net/reyes/reyes/CSS/img/others/business-shape-line-2.html]
[htmldemo.net/reyes/reyes/CSS/img/others/business-shape-line-3.html]
[htmldemo.net/reyes/reyes/fonts/fontawesome-webfont3e6e.svg]
[htmldemo.net/reyes/reyes/fonts/slick.svg]
[htmldemo.net/reyes/reyes/fonts/ionicons28b5.svg]
[htmldemo.net/reyes/reyes/css/img/icons/loading2.html]
[htmldemo.net/reyes/reyes/fonts/eicons4950.eot]
[htmldemo.net/reyes/reyes/fonts/weathericons-regular-webfontd41d.eot]
[htmldemo.net/reyes/reyes/fonts/weathericons-regular-webfont.svg]
[htmldemo.net/reyes/reyes/fonts/eicons4950.svg]
[htmldemo.net/reyes/reyes/fonts/weathericons-regular-webfont.woff]
